[www.cardiff.ac.uk/index.html]
[backblue.gif]
[fade.gif]
[index.html]
[www.cardiff.ac.uk/cy.html]
[d3q5dbq2rziek.cloudfront.net/3.4.2/css/main.css]
[www.cardiff.ac.uk/feeds/opd/profile.ttl]
[d3q5dbq2rziek.cloudfront.net/3.4.2/js/runtime.js]
[d3q5dbq2rziek.cloudfront.net/3.4.2/js/vendor.js]
[d3q5dbq2rziek.cloudfront.net/3.4.2/js/main.js]
[www.cardiff.ac.uk/teaching-excellence.html]
[www.cardiff.ac.uk/alumni.html]
[www.cardiff.ac.uk/donate.html]
[www.cardiff.ac.uk/news.html]
[www.cardiff.ac.uk/community/events.html]
[www.cardiff.ac.uk/search.html]
[www.cardiff.ac.uk/about.html]
[www.cardiff.ac.uk/about/our-profile.html]
[www.cardiff.ac.uk/about/our-profile/strategy.html]
[www.cardiff.ac.uk/about/our-profile/who-we-are.html]
[www.cardiff.ac.uk/about/our-profile/our-economic-and-social-impact.html]
[www.cardiff.ac.uk/about/our-profile/annual-review.html]
[www.cardiff.ac.uk/about/our-profile/history.html]
[www.cardiff.ac.uk/about/facts-and-figures.html]
[www.cardiff.ac.uk/about/facts-and-figures/rankings.html]
[www.cardiff.ac.uk/about/facts-and-figures/quality-marks.html]
[www.cardiff.ac.uk/about/facts-and-figures/national-student-survey.html]
[www.cardiff.ac.uk/about/organisation.html]
[www.cardiff.ac.uk/about/organisation/university-executive-board.html]
[www.cardiff.ac.uk/about/organisation/governance.html]
[www.cardiff.ac.uk/about/organisation/college-structure.html]
[www.cardiff.ac.uk/about/organisation/professional-services.html]
[www.cardiff.ac.uk/about/organisation/honorary-officers.html]
[www.cardiff.ac.uk/about/honours-and-awards.html]
[www.cardiff.ac.uk/about/honorary-fellows.html]
[www.cardiff.ac.uk/study.html]
[www.cardiff.ac.uk/study/undergraduate.html]
[www.cardiff.ac.uk/study/undergraduate/subjects.html]
[www.cardiff.ac.uk/study/undergraduate/courses.html]
[www.cardiff.ac.uk/study/undergraduate/why-study-with-us-as-an-undergraduate.html]
[www.cardiff.ac.uk/study/undergraduate/open-days-visits.html]
[www.cardiff.ac.uk/study/undergraduate/applying.html]
[www.cardiff.ac.uk/study/undergraduate/funding.html]
[www.cardiff.ac.uk/study/undergraduate/tuition-fees.html]
[www.cardiff.ac.uk/study/undergraduate/meet-our-students.html]
[www.cardiff.ac.uk/study/undergraduate/prospectus.html]
[www.cardiff.ac.uk/study/undergraduate/parents-and-supporters.html]
[www.cardiff.ac.uk/study/undergraduate/teachers-and-careers-advisers.html]
[www.cardiff.ac.uk/study/undergraduate/contact-us.html]
[www.cardiff.ac.uk/study/postgraduate.html]
[www.cardiff.ac.uk/study/postgraduate/subjects.html]
[www.cardiff.ac.uk/study/postgraduate/why-study-with-us-as-a-postgraduate.html]
[www.cardiff.ac.uk/study/postgraduate/taught.html]
[www.cardiff.ac.uk/study/postgraduate/research.html]
[www.cardiff.ac.uk/study/postgraduate/funding.html]
[www.cardiff.ac.uk/study/postgraduate/tuition-fees.html]
[www.cardiff.ac.uk/study/postgraduate/postgraduate-open-days.html]
[www.cardiff.ac.uk/study/postgraduate/prospectus.html]
[www.cardiff.ac.uk/study/postgraduate/applying.html]
[www.cardiff.ac.uk/study/postgraduate/contact-us.html]
[www.cardiff.ac.uk/study/international.html]
[www.cardiff.ac.uk/study/international/your-country.html]
[www.cardiff.ac.uk/study/international/global-events.html]
[www.cardiff.ac.uk/study/international/funding-and-fees.html]
[www.cardiff.ac.uk/study/international/english-language-requirements.html]
[www.cardiff.ac.uk/study/international/english-language-programmes.html]
[www.cardiff.ac.uk/study/international/foundation-and-pre-masters-programmes.html]
[www.cardiff.ac.uk/study/international/european-exchange.html]
[www.cardiff.ac.uk/study/international/study-abroad-in-cardiff.html]
[www.cardiff.ac.uk/study/international/post-study-work-visa.html]
[www.cardiff.ac.uk/study/international/summer-schools]
[www.cardiff.ac.uk/study/international/visit-us.html]
[www.cardiff.ac.uk/study/international/international-prospectus.html]
[www.cardiff.ac.uk/study/international/contact-us.html]
[www.cardiff.ac.uk/study/student-life.html]
[www.cardiff.ac.uk/study/accommodation.html]
[www.cardiff.ac.uk/part-time-courses-for-adults.html]
[www.cardiff.ac.uk/professional-development.html]
[www.cardiff.ac.uk/study/short-online-courses.html]
[www.cardiff.ac.uk/research.html]
[www.cardiff.ac.uk/research/explore.html]
[www.cardiff.ac.uk/research/explore/research-topics.html]
[www.cardiff.ac.uk/research/explore/research-units.html]
[www.cardiff.ac.uk/research/explore/academic-publications.html]
[www.cardiff.ac.uk/research/explore/research-institutes.html]
[www.cardiff.ac.uk/research/explore/research-facilities.html]
[www.cardiff.ac.uk/research/impact-and-innovation.html]
[www.cardiff.ac.uk/research/impact-and-innovation/research-impact.html]
[www.cardiff.ac.uk/research/impact-and-innovation/honours-and-accolades.html]
[www.cardiff.ac.uk/research/impact-and-innovation/strategic-alliances.html]
[www.cardiff.ac.uk/research/impact-and-innovation/quality-and-performance.html]
[www.cardiff.ac.uk/research/our-research-environment.html]
[www.cardiff.ac.uk/research/our-research-environment/supporting-researchers.html]
[www.cardiff.ac.uk/research/our-research-environment/working-collaboratively.html]
[www.cardiff.ac.uk/research/our-research-environment/integrity-and-ethics.html]
[www.cardiff.ac.uk/research/our-research-environment/funding-and-awards.html]
[www.cardiff.ac.uk/research/news-features.html]
[www.cardiff.ac.uk/international.html]
[www.cardiff.ac.uk/international/international-partnerships.html]
[www.cardiff.ac.uk/international/international-partnerships/xiamen-university.html]
[www.cardiff.ac.uk/international/international-partnerships/unicamp.html]
[www.cardiff.ac.uk/international/international-partnerships/university-of-bremen.html]
[www.cardiff.ac.uk/modern-languages/courses/undergraduate/chinese.html]
[www.cardiff.ac.uk/international/international-partnerships/waikato.html]
[www.cardiff.ac.uk/international/international-partnerships/university-of-namibia.html]
[www.cardiff.ac.uk/international/international-partnerships/exchange-partners.html]
[www.cardiff.ac.uk/international/international-research.html]
[www.cardiff.ac.uk/international/meet-our-people.html]
[www.cardiff.ac.uk/innovation.html]
[www.cardiff.ac.uk/innovation/our-vision.html]
[www.cardiff.ac.uk/innovation/our-vision/students.html]
[www.cardiff.ac.uk/innovation/our-vision/staff.html]
[www.cardiff.ac.uk/innovation/meet-our-innovators.html]
[www.cardiff.ac.uk/innovation/innovation-campus.html]
[www.cardiff.ac.uk/innovation/our-partnerships.html]
[www.cardiff.ac.uk/innovation/news.html]
[www.cardiff.ac.uk/business.html]
[www.cardiff.ac.uk/business/why-work-with-us.html]
[www.cardiff.ac.uk/business/why-work-with-us/who-we-work-with.html]
[www.cardiff.ac.uk/business/why-work-with-us/for-suppliers.html]
[www.cardiff.ac.uk/business/why-work-with-us/strategic-direction.html]
[www.cardiff.ac.uk/business/why-work-with-us/contact-us.html]
[www.cardiff.ac.uk/business/why-work-with-us/offer-a-discount-to-our-staff.html]
[www.cardiff.ac.uk/business/use-our-expertise.html]
[www.cardiff.ac.uk/business/use-our-expertise/consultancy.html]
[www.cardiff.ac.uk/business/use-our-expertise/funded-opportunities.html]
[www.cardiff.ac.uk/business/use-our-expertise/licensing.html]
[www.cardiff.ac.uk/business/use-our-expertise/knowledge-exchange.html]
[www.cardiff.ac.uk/business/use-our-expertise/advertise-a-civic-engagement-opportunity.html]
[www.cardiff.ac.uk/business/develop-your-workforce.html]
[www.cardiff.ac.uk/business/develop-your-workforce/professional-education.html]
[www.cardiff.ac.uk/business/develop-your-workforce/it-skills-training.html]
[www.cardiff.ac.uk/business/develop-your-workforce/recruit-our-graduates.html]
[www.cardiff.ac.uk/business/develop-your-workforce/knowledge-transfer-partnerships.html]
[www.cardiff.ac.uk/business/develop-your-workforce/kess.html]
[www.cardiff.ac.uk/business/facilities.html]
[www.cardiff.ac.uk/business/networking-and-events.html]
[www.cardiff.ac.uk/business/news.html]
[www.cardiff.ac.uk/community.html]
[www.cardiff.ac.uk/community/supporting-our-communities.html]
[www.cardiff.ac.uk/community/supporting-our-communities/embracing-community-engagement.html]
[www.cardiff.ac.uk/community/supporting-our-communities/building-wales-skills-for-the-future.html]
[www.cardiff.ac.uk/community/supporting-our-communities/leading-wales-green-recovery.html]
[www.cardiff.ac.uk/community/supporting-our-communities/promoting-welsh-language-and-culture.html]
[www.cardiff.ac.uk/community/our-local-community-projects.html]
[www.cardiff.ac.uk/community/our-local-community-projects/getting-hands-on-with-archaeology-in-caerau-and-ely.html]
[www.cardiff.ac.uk/community/our-local-community-projects/green-social-prescribing-in-the-cynon-valley.html]
[www.cardiff.ac.uk/community/our-local-community-projects/innovation-for-all.html]
[www.cardiff.ac.uk/community/our-local-community-projects/community-gateway.html]
[www.cardiff.ac.uk/community/our-local-community-projects/pharmabees.html]
[www.cardiff.ac.uk/community/our-local-community-projects/childrens-university.html]
[www.cardiff.ac.uk/community/our-local-community-projects/case-studies.html]
[www.cardiff.ac.uk/community/supporting-learning-in-schools-and-colleges.html]
[www.cardiff.ac.uk/community/supporting-learning-in-schools-and-colleges/helping-young-people-reach-their-potential.html]
[www.cardiff.ac.uk/community/supporting-learning-in-schools-and-colleges/search-activities.html]
[www.cardiff.ac.uk/community/supporting-learning-in-schools-and-colleges/our-priority-groups.html]
[www.cardiff.ac.uk/community/use-our-facilities.html]
[www.cardiff.ac.uk/community/volunteer-for-research.html]
[www.cardiff.ac.uk/community/fundraise-for-our-research.html]
[cardiff.imgix.net/__data/assets/image/0008/2503817/bg-brecon1347.jpg]
[cardiff.imgix.net/__data/assets/image/0008/2503817/bg-brecona876.jpg]
[www.cardiff.ac.uk/study/undergraduate/courses/a-to-z.html]
[cardiff.imgix.net/__data/assets/image/0005/1740434/study-3c5be.jpg]
[www.cardiff.ac.uk/study/undergraduate/courses/browse-by-school.html]
[cardiff.imgix.net/__data/assets/image/0012/729993/cardiff-bay-twilightc5be.jpg]
[www.cardiff.ac.uk/study/student-life/living-in-cardiff.html]
[cardiff.imgix.net/__data/assets/image/0007/2648302/Emily-Pemberton-quote6207.png]
[www.cardiff.ac.uk/study/undergraduate/why-study-with-us-as-an-undergraduate/studying-in-welsh.html]
[cardiff.imgix.net/__data/assets/image/0012/2647947/Richard-King-2022-8-24-10-51-15c5be.jpg]
[cardiff.imgix.net/__data/assets/image/0009/485379/Welsh-dragon-projected-on-Main-Buildingc5be.jpg]
[www.cardiff.ac.uk/community/events/view/2647946-brittle-with-relics-wales-governance-centre-annual-lecture-2022.html]
[cardiff.imgix.net/__data/assets/image/0004/686749/Tafwyl-2c5be.jpg]
[www.cardiff.ac.uk/news/view/2665767-welsh-university-of-the-year-2023.html]
[cardiff.imgix.net/__data/assets/image/0004/2635492/Main-Building-new-picc5be.jpg]
[www.cardiff.ac.uk/study/student-life/welsh-language.html]
[cardiff.imgix.net/__data/assets/image/0008/1279637/DefaultLogoc5be.png]
[www.cardiff.ac.uk/news/view/2680249-cardiff-generates-3.html]
[www.cardiff.ac.uk/news/view/2679697-professor-erminia-calabrese-awarded-2022-institute-of-physics-fred-hoyle-medal-and-prize.html]
[www.cardiff.ac.uk/news/view/2678710-devolution-a-necessary-step-towards-a-better-welsh-criminal-justice-system,-academics-argue.html]
[www.cardiff.ac.uk/news/view/2667742-finger-prick-blood-test-identifies-immunity-to-covid-19.html]
[www.cardiff.ac.uk/visit.html]
[www.cardiff.ac.uk/help/contact-us.html]
[www.cardiff.ac.uk/help/contact-us/security-and-emergency-contacts.html]
[www.cardiff.ac.uk/public-information.html]
[www.cardiff.ac.uk/libraries.html]
[www.cardiff.ac.uk/conferences.html]
[www.cardiff.ac.uk/research-equipment.html]
[www.cardiff.ac.uk/community/use-our-facilities/sport.html]
[www.cardiff.ac.uk/new-students.html]
[www.cardiff.ac.uk/jobs.html]
[www.cardiff.ac.uk/media.html]
[www.cardiff.ac.uk/people.html]
[www.cardiff.ac.uk/help/accessibility.html]
[www.cardiff.ac.uk/public-information/corporate-information/modern-slavery.html]
[www.cardiff.ac.uk/help/privacy.html]
[www.cardiff.ac.uk/help/termsofuse.html]
[www.cardiff.ac.uk/index.html]
[www.cardiff.ac.uk/help/cookies.html]
[www.cardiff.ac.uk/cy/feeds/opd/profile.ttl]
[www.cardiff.ac.uk/cy/teaching-excellence.html]
[www.cardiff.ac.uk/cy/alumni.html]
[www.cardiff.ac.uk/cy/donate.html]
[www.cardiff.ac.uk/cy/news.html]
[www.cardiff.ac.uk/cy/community/events.html]
[www.cardiff.ac.uk/cy/search.html]
[www.cardiff.ac.uk/cy/about.html]
[www.cardiff.ac.uk/cy/about/our-profile.html]
[www.cardiff.ac.uk/cy/about/our-profile/strategy.html]
[www.cardiff.ac.uk/cy/about/our-profile/who-we-are.html]
[www.cardiff.ac.uk/cy/about/our-profile/our-economic-and-social-impact.html]
[www.cardiff.ac.uk/cy/about/our-profile/annual-review.html]
[www.cardiff.ac.uk/cy/about/our-profile/history.html]
[www.cardiff.ac.uk/cy/about/facts-and-figures.html]
[www.cardiff.ac.uk/cy/about/facts-and-figures/rankings.html]
[www.cardiff.ac.uk/cy/about/facts-and-figures/quality-marks.html]
[www.cardiff.ac.uk/cy/about/facts-and-figures/national-student-survey.html]
[www.cardiff.ac.uk/cy/about/organisation.html]
[www.cardiff.ac.uk/cy/about/organisation/university-executive-board.html]
[www.cardiff.ac.uk/cy/about/organisation/governance.html]
[www.cardiff.ac.uk/cy/about/organisation/college-structure.html]
[www.cardiff.ac.uk/cy/about/organisation/professional-services.html]
[www.cardiff.ac.uk/cy/about/organisation/honorary-officers.html]
[www.cardiff.ac.uk/cy/about/honours-and-awards.html]
[www.cardiff.ac.uk/cy/about/honorary-fellows.html]
[www.cardiff.ac.uk/cy/study.html]
[www.cardiff.ac.uk/cy/study/undergraduate.html]
[www.cardiff.ac.uk/cy/study/undergraduate/subjects.html]
[www.cardiff.ac.uk/cy/study/undergraduate/courses.html]
[www.cardiff.ac.uk/cy/study/undergraduate/why-study-with-us-as-an-undergraduate.html]
[www.cardiff.ac.uk/cy/study/undergraduate/open-days-visits.html]
[www.cardiff.ac.uk/cy/study/undergraduate/applying.html]
[www.cardiff.ac.uk/cy/study/undergraduate/funding.html]
[www.cardiff.ac.uk/cy/study/undergraduate/tuition-fees.html]
[www.cardiff.ac.uk/cy/study/undergraduate/meet-our-students.html]
[www.cardiff.ac.uk/cy/study/undergraduate/prospectus.html]
[www.cardiff.ac.uk/cy/study/undergraduate/parents-and-supporters.html]
[www.cardiff.ac.uk/cy/study/undergraduate/teachers-and-careers-advisers.html]
[www.cardiff.ac.uk/cy/study/undergraduate/contact-us.html]
[www.cardiff.ac.uk/cy/study/postgraduate.html]
[www.cardiff.ac.uk/cy/study/postgraduate/subjects.html]
[www.cardiff.ac.uk/cy/study/postgraduate/why-study-with-us-as-a-postgraduate.html]
[www.cardiff.ac.uk/cy/study/postgraduate/taught.html]
[www.cardiff.ac.uk/cy/study/postgraduate/research.html]
[www.cardiff.ac.uk/cy/study/postgraduate/funding.html]
[www.cardiff.ac.uk/cy/study/postgraduate/tuition-fees.html]
[www.cardiff.ac.uk/cy/study/postgraduate/postgraduate-open-days.html]
[www.cardiff.ac.uk/cy/study/postgraduate/prospectus.html]
[www.cardiff.ac.uk/cy/study/postgraduate/applying.html]
[www.cardiff.ac.uk/cy/study/postgraduate/contact-us.html]
[www.cardiff.ac.uk/cy/study/international.html]
[www.cardiff.ac.uk/cy/study/international/your-country.html]
[www.cardiff.ac.uk/cy/study/international/global-events.html]
[www.cardiff.ac.uk/cy/study/international/funding-and-fees.html]
[www.cardiff.ac.uk/cy/study/international/english-language-requirements.html]
[www.cardiff.ac.uk/cy/study/international/english-language-programmes.html]
[www.cardiff.ac.uk/cy/study/international/foundation-and-pre-masters-programmes.html]
[www.cardiff.ac.uk/cy/study/international/european-exchange.html]
[www.cardiff.ac.uk/cy/study/international/study-abroad-in-cardiff.html]
[www.cardiff.ac.uk/cy/study/international/post-study-work-visa.html]
[www.cardiff.ac.uk/cy/study/international/summer-schools]
[www.cardiff.ac.uk/cy/study/international/visit-us.html]
[www.cardiff.ac.uk/cy/study/international/international-prospectus.html]
[www.cardiff.ac.uk/cy/study/international/contact-us.html]
[www.cardiff.ac.uk/cy/study/student-life.html]
[www.cardiff.ac.uk/cy/study/accommodation.html]
[www.cardiff.ac.uk/cy/part-time-courses-for-adults.html]
[www.cardiff.ac.uk/cy/professional-development.html]
[www.cardiff.ac.uk/cy/study/short-online-courses.html]
[www.cardiff.ac.uk/cy/research.html]
[www.cardiff.ac.uk/cy/research/explore.html]
[www.cardiff.ac.uk/cy/research/explore/research-topics.html]
[www.cardiff.ac.uk/cy/research/explore/research-units.html]
[www.cardiff.ac.uk/cy/research/explore/academic-publications.html]
[www.cardiff.ac.uk/cy/research/explore/research-institutes.html]
[www.cardiff.ac.uk/cy/research/explore/research-facilities.html]
[www.cardiff.ac.uk/cy/research/impact-and-innovation.html]
[www.cardiff.ac.uk/cy/research/impact-and-innovation/research-impact.html]
[www.cardiff.ac.uk/cy/research/impact-and-innovation/honours-and-accolades.html]
[www.cardiff.ac.uk/cy/research/impact-and-innovation/strategic-alliances.html]
[www.cardiff.ac.uk/cy/research/impact-and-innovation/quality-and-performance.html]
[www.cardiff.ac.uk/cy/research/our-research-environment.html]
[www.cardiff.ac.uk/cy/research/our-research-environment/supporting-researchers.html]
[www.cardiff.ac.uk/cy/research/our-research-environment/working-collaboratively.html]
[www.cardiff.ac.uk/cy/research/our-research-environment/integrity-and-ethics.html]
[www.cardiff.ac.uk/cy/research/our-research-environment/funding-and-awards.html]
[www.cardiff.ac.uk/cy/research/news-features.html]
[www.cardiff.ac.uk/cy/international.html]
[www.cardiff.ac.uk/cy/international/international-partnerships.html]
[www.cardiff.ac.uk/cy/international/international-partnerships/xiamen-university.html]
[www.cardiff.ac.uk/cy/international/international-partnerships/unicamp.html]
[www.cardiff.ac.uk/cy/international/international-partnerships/university-of-bremen.html]
[www.cardiff.ac.uk/cy/modern-languages/courses/undergraduate/chinese.html]
[www.cardiff.ac.uk/cy/international/international-partnerships/waikato.html]
[www.cardiff.ac.uk/cy/international/international-partnerships/university-of-namibia.html]
[www.cardiff.ac.uk/cy/international/international-partnerships/exchange-partners.html]
[www.cardiff.ac.uk/cy/international/international-research.html]
[www.cardiff.ac.uk/cy/international/meet-our-people.html]
[www.cardiff.ac.uk/cy/innovation.html]
[www.cardiff.ac.uk/cy/innovation/our-vision.html]
[www.cardiff.ac.uk/cy/innovation/our-vision/students.html]
[www.cardiff.ac.uk/cy/innovation/our-vision/staff.html]
[www.cardiff.ac.uk/cy/innovation/meet-our-innovators.html]
[www.cardiff.ac.uk/cy/innovation/innovation-campus.html]
[www.cardiff.ac.uk/cy/innovation/our-partnerships.html]
[www.cardiff.ac.uk/cy/innovation/news.html]
[www.cardiff.ac.uk/cy/business.html]
[www.cardiff.ac.uk/cy/business/why-work-with-us.html]
[www.cardiff.ac.uk/cy/business/why-work-with-us/who-we-work-with.html]
[www.cardiff.ac.uk/cy/business/why-work-with-us/for-suppliers.html]
[www.cardiff.ac.uk/cy/business/why-work-with-us/strategic-direction.html]
[www.cardiff.ac.uk/cy/business/why-work-with-us/contact-us.html]
[www.cardiff.ac.uk/cy/business/why-work-with-us/offer-a-discount-to-our-staff.html]
[www.cardiff.ac.uk/cy/business/use-our-expertise.html]
[www.cardiff.ac.uk/cy/business/use-our-expertise/consultancy.html]
[www.cardiff.ac.uk/cy/business/use-our-expertise/funded-opportunities.html]
[www.cardiff.ac.uk/cy/business/use-our-expertise/licensing.html]
[www.cardiff.ac.uk/cy/business/use-our-expertise/knowledge-exchange.html]
[www.cardiff.ac.uk/cy/business/use-our-expertise/advertise-a-civic-engagement-opportunity.html]
[www.cardiff.ac.uk/cy/business/develop-your-workforce.html]
[www.cardiff.ac.uk/cy/business/develop-your-workforce/professional-education.html]
[www.cardiff.ac.uk/cy/business/develop-your-workforce/it-skills-training.html]
[www.cardiff.ac.uk/cy/business/develop-your-workforce/recruit-our-graduates.html]
[www.cardiff.ac.uk/cy/business/develop-your-workforce/knowledge-transfer-partnerships.html]
[www.cardiff.ac.uk/cy/business/develop-your-workforce/kess.html]
[www.cardiff.ac.uk/cy/business/facilities.html]
[www.cardiff.ac.uk/cy/business/networking-and-events.html]
[www.cardiff.ac.uk/cy/business/news.html]
[www.cardiff.ac.uk/cy/community.html]
[www.cardiff.ac.uk/cy/community/supporting-our-communities.html]
[www.cardiff.ac.uk/cy/community/supporting-our-communities/embracing-community-engagement.html]
[www.cardiff.ac.uk/cy/community/supporting-our-communities/building-wales-skills-for-the-future.html]
[www.cardiff.ac.uk/cy/community/supporting-our-communities/leading-wales-green-recovery.html]
[www.cardiff.ac.uk/cy/community/supporting-our-communities/promoting-welsh-language-and-culture.html]
[www.cardiff.ac.uk/cy/community/our-local-community-projects.html]
[www.cardiff.ac.uk/cy/community/our-local-community-projects/getting-hands-on-with-archaeology-in-caerau-and-ely.html]
[www.cardiff.ac.uk/cy/community/our-local-community-projects/green-social-prescribing-in-the-cynon-valley.html]
[www.cardiff.ac.uk/cy/community/our-local-community-projects/innovation-for-all.html]
[www.cardiff.ac.uk/cy/community/our-local-community-projects/community-gateway.html]
[www.cardiff.ac.uk/cy/community/our-local-community-projects/pharmabees.html]
[www.cardiff.ac.uk/cy/community/our-local-community-projects/childrens-university.html]
[www.cardiff.ac.uk/cy/community/our-local-community-projects/case-studies.html]
[www.cardiff.ac.uk/cy/community/supporting-learning-in-schools-and-colleges.html]
[www.cardiff.ac.uk/cy/community/supporting-learning-in-schools-and-colleges/helping-young-people-reach-their-potential.html]
[www.cardiff.ac.uk/cy/community/supporting-learning-in-schools-and-colleges/search-activities.html]
[www.cardiff.ac.uk/cy/community/supporting-learning-in-schools-and-colleges/our-priority-groups.html]
[www.cardiff.ac.uk/cy/community/use-our-facilities.html]
[www.cardiff.ac.uk/cy/community/volunteer-for-research.html]
[www.cardiff.ac.uk/cy/community/fundraise-for-our-research.html]
[www.cardiff.ac.uk/cy/study/undergraduate/courses/a-to-z.html]
[www.cardiff.ac.uk/cy/study/undergraduate/courses/browse-by-school.html]
[www.cardiff.ac.uk/cy/study/student-life/living-in-cardiff.html]
[www.cardiff.ac.uk/cy/study/undergraduate/why-study-with-us-as-an-undergraduate/studying-in-welsh.html]
[www.cardiff.ac.uk/cy/community/events/view/2647946-brittle-with-relics-wales-governance-centre-annual-lecture-2022.html]
[www.cardiff.ac.uk/cy/news/view/2665767-welsh-university-of-the-year-2023.html]
[www.cardiff.ac.uk/cy/study/student-life/welsh-language.html]
[www.cardiff.ac.uk/cy/news/view/2680249-cardiff-generates-3.html]
[www.cardiff.ac.uk/cy/news/view/2679697-professor-erminia-calabrese-awarded-2022-institute-of-physics-fred-hoyle-medal-and-prize.html]
[www.cardiff.ac.uk/cy/news/view/2678710-devolution-a-necessary-step-towards-a-better-welsh-criminal-justice-system,-academics-argue.html]
[www.cardiff.ac.uk/cy/news/view/2667742-finger-prick-blood-test-identifies-immunity-to-covid-19.html]
[www.cardiff.ac.uk/cy/visit.html]
[www.cardiff.ac.uk/cy/help/contact-us.html]
[www.cardiff.ac.uk/cy/help/contact-us/security-and-emergency-contacts.html]
[www.cardiff.ac.uk/cy/public-information.html]
[www.cardiff.ac.uk/cy/libraries.html]
[www.cardiff.ac.uk/cy/conferences.html]
[www.cardiff.ac.uk/cy/research-equipment.html]
[www.cardiff.ac.uk/cy/community/use-our-facilities/sport.html]
[www.cardiff.ac.uk/cy/jobs.html]
[www.cardiff.ac.uk/cy/media.html]
[www.cardiff.ac.uk/cy/people.html]
[www.cardiff.ac.uk/cy/help/accessibility.html]
[www.cardiff.ac.uk/cy/public-information/corporate-information/modern-slavery.html]
[www.cardiff.ac.uk/cy/help/privacy.html]
[www.cardiff.ac.uk/cy/help/termsofuse.html]
[www.cardiff.ac.uk/cy.html]
[d3q5dbq2rziek.cloudfront.net/3.4.2/css/main.css]
[www.cardiff.ac.uk/cy/help/cookies.html]
[www.cardiff.ac.uk/teaching-excellence/digital-education.html]
[www.cardiff.ac.uk/teaching-excellence/our-experts.html]
[www.cardiff.ac.uk/jobs/what-we-can-offer/teaching-innovation-and-support.html]
[www.cardiff.ac.uk/about/our-profile/who-we-are/education/cardiff-learning-and-teaching-academy.html]
[www.cardiff.ac.uk/study/undergraduate/why-study-with-us-as-an-undergraduate/teaching-and-learning.html]
[www.cardiff.ac.uk/learning-hub.html]
[www.cardiff.ac.uk/thewayforward/sub-strategies/education-and-students.html]
[www.cardiff.ac.uk/study/student-life/student-support/listening-to-students.html]
[www.cardiff.ac.uk/jobs/vacancies/education-and-student-experience-vacancies.html]
[i0.wp.com/blogs.cardiff.ac.uk/LTAcademy/wp-content/uploads/sites/286/2022/10/pedagogy96eb.jpg]
[i0.wp.com/blogs.cardiff.ac.uk/LTAcademy/wp-content/uploads/sites/286/2022/10/Kate-Gilliver96eb.png]
[i0.wp.com/blogs.cardiff.ac.uk/LTAcademy/wp-content/uploads/sites/286/2022/10/Picture196eb.jpg]
[www.cardiff.ac.uk/teaching-excellence.html]
[www.cardiff.ac.uk/chemistry/about-us/our-location.html]
[www.cardiff.ac.uk/__data/assets/image/0011/130061/graduates-hadyn-ellis.jpg]
[www.cardiff.ac.uk/_https_/intranet.cardiff.ac.uk/staff/applications/help/squiz-guides/editing-pages/getting-started-with-welsh/translating-a-page-in-squiz__guide]
[www.cardiff.ac.uk/alumni/get-involved.html]
[www.cardiff.ac.uk/alumni/update-your-details.html]
[www.cardiff.ac.uk/alumni/our-alumni.html]
[www.cardiff.ac.uk/alumni/new-graduates.html]
[www.cardiff.ac.uk/alumni/life-after-cardiff.html]
[www.cardiff.ac.uk/alumni/news.html]
[www.cardiff.ac.uk/alumni/events.html]
[www.cardiff.ac.uk/alumni/contact-us.html]
[www.cardiff.ac.uk/alumni/get-involved/ambassadors.html]
[www.cardiff.ac.uk/alumni/get-involved/offer-an-internship.html]
[www.cardiff.ac.uk/alumni/our-alumni/share-your-story.html]
[www.cardiff.ac.uk/alumni/contact-us/requests-for-documents-and-references.html]
[www.cardiff.ac.uk/alumni/get-involved/give-now.html]
[www.cardiff.ac.uk/alumni/get-involved/fundraise-for-cardiff-university.html]
[cardiff.imgix.net/__data/assets/image/0008/1279637/DefaultLogo9a20.png]
[blogs.cardiff.ac.uk/alumni/wp-content/uploads/sites/323/2022/09/MicrosoftTeams-image-34-scaled-170x96.199.delayed]
[blogs.cardiff.ac.uk/alumni/wp-content/uploads/sites/323/2022/09/MicrosoftTeams-image-27-170x96.jpg]
[blogs.cardiff.ac.uk/alumni/wp-content/uploads/sites/323/2022/09/EM-Headshot-170x96.jpg]
[www.cardiff.ac.uk/alumni.html]
[www.cardiff.ac.uk/__data/assets/image/0003/128118/Daffs-5.jpg]
[www.cardiff.ac.uk/donate/give-now.html]
[www.cardiff.ac.uk/donate/give-in-your-will.html]
[www.cardiff.ac.uk/donate/other-ways-to-give.html]
[www.cardiff.ac.uk/donate/how-you-can-help.html]
[www.cardiff.ac.uk/donate/fundraise-for-cardiff-university.html]
[www.cardiff.ac.uk/donate/thank-you.html]
[www.cardiff.ac.uk/donate/contact-us.html]
[www.cardiff.ac.uk/alumni/features/magdas-cancer-research-story.html]
[www.cardiff.ac.uk/donate/how-you-can-help/student-support.html]
[www.cardiff.ac.uk/donate/how-you-can-help/cancer-research.html]
[www.cardiff.ac.uk/donate/how-you-can-help/neuroscience-and-mental-health-research.html]
[www.cardiff.ac.uk/community/fundraise-for-our-research/take-on-an-active-challenge/run-the-cardiff-half-marathon.html]
[www.cardiff.ac.uk/donate/join-cylch-caerdydd.html]
[cardiff.imgix.net/__data/assets/image/0005/1111649/FR_Welsh_RegLogo_HR6bed.png]
[www.cardiff.ac.uk/donate.html]
[www.cardiff.ac.uk/news/latest-news.html]
[www.cardiff.ac.uk/news/browse-by-date.html]
[www.cardiff.ac.uk/news/browse-by-school.html]
[www.cardiff.ac.uk/news/research.html]
[www.cardiff.ac.uk/news/campus.html]
[www.cardiff.ac.uk/news/international.html]
[cardiff.imgix.net/__data/assets/image/0011/2679716/Erminia-Calabrese-image4aec.jpg]
[cardiff.imgix.net/__data/assets/image/0008/1279637/DefaultLogo4aec.png]
[cardiff.imgix.net/__data/assets/image/0007/816289/Senedd4aec.jpg]
[cardiff.imgix.net/__data/assets/image/0004/2667685/ImmunoServe14aec.jpg]
[www.cardiff.ac.uk/campus-developments/projects/centre-for-student-life.html]
[www.cardiff.ac.uk/news.html]
[www.cardiff.ac.uk/campus-developments/projects/abacws.html]
[www.cardiff.ac.uk/__data/assets/image/0017/1111418/no-event-image.jpg]
[www.cardiff.ac.uk/community/events/browse-events.html]
[cardiff.imgix.net/__data/assets/image/0009/2679534/A-cartoon-of-a-doctor-talking-to-their-patient-2022-10-19-16-27-419896.jpg]
[cardiff.imgix.net/__data/assets/image/0008/1279637/DefaultLogoe446.jpg]
[cardiff.imgix.net/__data/assets/image/0009/2672802/FoSS_CB-2022-9-30-14-5-349896.jpg]
[www.cardiff.ac.uk/community/events/series.html]
[www.cardiff.ac.uk/community/events/view/2679533-lets-talk-about-testicular-health-and-fertility!.html]
[cardiff.imgix.net/__data/assets/image/0010/2678950/-2022-10-18-16-18-289896.jpg]
[www.cardiff.ac.uk/community/events/view/2672801-esrc-festival-of-social-science,-coping-with-flight-cancellations-in-a-post-covid-world-what-are-my-consumer-rights.html]
[www.cardiff.ac.uk/community/events/view/2678949-child-bilingualism-what-do-we-know-how-do-we-find-out.html]
[cardiff.imgix.net/__data/assets/image/0017/1111418/no-event-image20a2.jpg]
[www.cardiff.ac.uk/community/events/series/index.html]
[www.cardiff.ac.uk/community/events/view/2647588-prof-carmen-domene.-university-of-bath.html]
[cardiff.imgix.net/__data/assets/image/0009/2679534/A-cartoon-of-a-doctor-talking-to-their-patient-2022-10-19-16-27-4120a2.jpg]
[cardiff.imgix.net/__data/assets/image/0004/2676892/Upshaw-Uttley20a2.jpg]
[www.cardiff.ac.uk/community/events/view/2641294-myths-and-love-songs-stephen-upshaw-viola-and-richard-uttley-piano.html]
[www.cardiff.ac.uk/community/events.html]
[www.cardiff.ac.uk/search.html]
[cardiff.imgix.net/__data/assets/image/0010/1727065/about-img5e82.jpg]
[cardiff.imgix.net/__data/assets/image/0010/1727065/about-img14a7.jpg]
[www.cardiff.ac.uk/about/our-profile/who-we-are/civic-mission.html]
[www.cardiff.ac.uk/about.html]
[www.cardiff.ac.uk/campus-developments.html]
[www.cardiff.ac.uk/thewayforward.html]
[www.cardiff.ac.uk/__data/assets/image/0008/370871/Main-Building.jpg]
[cardiff.imgix.net/__data/assets/image/0008/1279637/DefaultLogoacc2.png]
[www.cardiff.ac.uk/about/our-profile.html]
[www.cardiff.ac.uk/study/student-life/campuses.html]
[www.cardiff.ac.uk/__data/assets/image/0005/1056497/hadyn-ellis-exterior-wayforward.jpg]
[cardiff.imgix.net/__data/assets/image/0008/1279637/DefaultLogo0deb.png]
[www.cardiff.ac.uk/about/our-profile/strategy.html]
[www.cardiff.ac.uk/__data/assets/image/0009/19296/students-outside-glamorgan-building.jpg]
[www.cardiff.ac.uk/about/our-profile/_https_/intranet.cardiff.ac.uk/staff/applications/help/squiz-guides/editing-pages/getting-started-with-welsh/translating-a-page-in-squiz__guide]
[www.cardiff.ac.uk/about/our-profile/who-we-are/education.html]
[www.cardiff.ac.uk/__data/assets/pdf_file/0009/2425374/TheWayForward2021_RecastEnglish.pdf]
[www.cardiff.ac.uk/about/our-profile/who-we-are/research.html]
[www.cardiff.ac.uk/about/our-profile/who-we-are/innovation.html]
[www.cardiff.ac.uk/about/our-profile/who-we-are/international.html]
[www.cardiff.ac.uk/about/our-profile/who-we-are/a-welsh-university.html]
[www.cardiff.ac.uk/about/our-profile/who-we-are/sustainability.html]
[www.cardiff.ac.uk/about/our-profile/who-we-are.html]
[www.cardiff.ac.uk/about/our-profile/who-we-are/widening-participation.html]
[www.cardiff.ac.uk/__data/assets/image/0007/46294/millennium-stadium-aerial-shot.jpg]
[cardiff.imgix.net/__data/assets/image/0008/1279637/DefaultLogoa218.png]
[www.cardiff.ac.uk/about/our-profile/our-economic-and-social-impact/university-of-sanctuary.html]
[www.cardiff.ac.uk/about/our-profile/our-economic-and-social-impact.html]
[www.cardiff.ac.uk/research/impact-and-innovation/quality-and-performance/ref-2021.html]
[www.cardiff.ac.uk/__data/assets/image/0004/352777/solar-house-lowres.jpg]
[www.cardiff.ac.uk/__data/assets/pdf_file/0011/2592218/CU_AnnualReviewAccounts2021_Final.pdf]
[www.cardiff.ac.uk/__data/assets/pdf_file/0008/1738880/CU_AnnualReviewAccounts2018-19-English.pdf]
[www.cardiff.ac.uk/__data/assets/pdf_file/0004/2482699/Annual-Report-and-Financial-Statements-2020.pdf]
[www.cardiff.ac.uk/__data/assets/pdf_file/0005/1398524/CU_AnnualReviewAccounts-year-ending-31-July-2018.pdf]
[www.cardiff.ac.uk/__data/assets/pdf_file/0007/86749/annualreview_2014.pdf]
[www.cardiff.ac.uk/__data/assets/pdf_file/0007/352717/2015-annualreview.pdf]
[www.cardiff.ac.uk/__data/assets/pdf_file/0003/656229/2016-Annual-Review-ENG.pdf]
[www.cardiff.ac.uk/__data/assets/pdf_file/0007/19672/annual-review-2013.pdf]
[www.cardiff.ac.uk/__data/assets/pdf_file/0011/1035011/CU_AnnualReviewAccounts2017web.pdf]
[www.cardiff.ac.uk/__data/assets/pdf_file/0009/11979/annual-review-2012-eng.pdf]
[www.cardiff.ac.uk/__data/assets/pdf_file/0009/19899/annual-review-2010.pdf]
[www.cardiff.ac.uk/about/our-profile/annual-review.html]
[www.cardiff.ac.uk/__data/assets/pdf_file/0008/19898/2011_CU_AnnualReport_Eng.pdf]
[www.cardiff.ac.uk/__data/assets/image/0003/20559/historical-image-main-building.jpg]
[www.cardiff.ac.uk/__data/assets/pdf_file/0020/19901/CU-AR08-ENGLISH.pdf]
[www.cardiff.ac.uk/about/our-profile/history.html]
[www.cardiff.ac.uk/about/our-profile/history/timeline.html]
[www.cardiff.ac.uk/__data/assets/image/0018/9180/13148.jpg]
[www.cardiff.ac.uk/__data/assets/pdf_file/0019/19900/CU-annual-review_final_2009.pdf]
[www.cardiff.ac.uk/about/honours-and-awards/queens-anniversary-prizes.html]
[www.cardiff.ac.uk/about/honours-and-awards/nobel-laureates/sir-martin-evans.html]
[www.cardiff.ac.uk/about/facts-and-figures.html]
[www.cardiff.ac.uk/about/honours-and-awards/nobel-laureates.html]
[www.cardiff.ac.uk/__data/assets/image/0003/29748/Main-Building.jpg]
[www.cardiff.ac.uk/about/facts-and-figures/rankings.html]
[www.cardiff.ac.uk/study/student-life/student-support/equality-diversity-and-inclusion/lesbian-gay-bisexual-transgender.html]
[www.cardiff.ac.uk/about/facts-and-figures/quality-marks.html]
[www.cardiff.ac.uk/research/our-research-environment/supporting-researchers/hr-excellence-in-research-award.html]
[www.cardiff.ac.uk/about/facts-and-figures/national-student-survey.html]
[www.cardiff.ac.uk/__data/assets/image/0020/11846/VC_21.jpg]
[www.cardiff.ac.uk/about/facts-and-figures/_https_/intranet.cardiff.ac.uk/staff/applications/help/squiz-guides/editing-pages/getting-started-with-welsh/translating-a-page-in-squiz__]
[www.cardiff.ac.uk/about/organisation/governance/charter-statutes-ordinances.html]
[www.cardiff.ac.uk/about/organisation.html]
[www.cardiff.ac.uk/__data/assets/pdf_file/0003/2459307/Org-Structure-Aug-2020.pdf]
[www.cardiff.ac.uk/about/organisation/university-executive-board/president-and-vice-chancellor.html]
[www.cardiff.ac.uk/about/organisation/university-executive-board/deputy-vice-chancellor.html]
[www.cardiff.ac.uk/about/organisation/_https_/intranet.cardiff.ac.uk/staff/applications/help/squiz-guides/editing-pages/getting-started-with-welsh/translating-a-page-in-squiz__guide]
[www.cardiff.ac.uk/about/organisation/university-executive-board/pro-vice-chancellor-research-innovation-and-enterprise.html]
[www.cardiff.ac.uk/about/organisation/university-executive-board/pro-vice-chancellor-education-students.html]
[www.cardiff.ac.uk/about/organisation/university-executive-board/pro-vice-chancellor-international-student-recruitment.html]
[www.cardiff.ac.uk/about/organisation/university-executive-board/pro-vice-chancellor-college-of-arts-humanities-and-social-sciences.html]
[www.cardiff.ac.uk/about/organisation/university-executive-board/pro-vice-chancellor-college-of-biomedical-and-life-sciences.html]
[www.cardiff.ac.uk/about/organisation/university-executive-board/chief-operating-officer.html]
[www.cardiff.ac.uk/about/organisation/university-executive-board/director-of-finance.html]
[www.cardiff.ac.uk/about/organisation/university-executive-board/director-of-development-and-alumni-relations.html]
[www.cardiff.ac.uk/about/organisation/university-executive-board/director-of-human-resources.html]
[cardiff.imgix.net/__data/assets/image/0008/1279637/DefaultLogo058a.png]
[www.cardiff.ac.uk/about/organisation/university-executive-board/general-counsel-and-university-secretary.html]
[www.cardiff.ac.uk/about/organisation/university-executive-board/president-and-vice-chancellor/vice-chancellors-office-team.html]
[www.cardiff.ac.uk/about/organisation/university-executive-board.html]
[www.cardiff.ac.uk/public-information/corporate-information/senior-staff-pay-and-expenses/expenses.html]
[www.cardiff.ac.uk/about/organisation/governance/council.html]
[www.cardiff.ac.uk/about/organisation/governance/senate.html]
[www.cardiff.ac.uk/about/organisation/governance/committees.html]
[www.cardiff.ac.uk/documents/2507574-students-union-relationship-agreement.html]
[www.cardiff.ac.uk/__data/assets/pdf_file/0008/1538198/Relationship-Agreement-2021-22-FINAL.pdf]
[www.cardiff.ac.uk/documents/2499247-governance-framework.html]
[www.cardiff.ac.uk/about/organisation/governance.html]
[www.cardiff.ac.uk/__data/assets/pdf_file/0010/2498932/Governance-Framework-2021.pdf]
[www.cardiff.ac.uk/colleges/arts-humanities-social-sciences.html]
[www.cardiff.ac.uk/business-school.html]
[www.cardiff.ac.uk/english-communication-philosophy.html]
[www.cardiff.ac.uk/geography-planning.html]
[www.cardiff.ac.uk/history-archaeology-religion.html]
[www.cardiff.ac.uk/journalism-media-and-culture.html]
[www.cardiff.ac.uk/law-politics.html]
[www.cardiff.ac.uk/modern-languages.html]
[www.cardiff.ac.uk/music.html]
[www.cardiff.ac.uk/social-sciences.html]
[www.cardiff.ac.uk/welsh.html]
[www.cardiff.ac.uk/colleges/biomedical-life-sciences.html]
[www.cardiff.ac.uk/biosciences.html]
[www.cardiff.ac.uk/dentistry.html]
[www.cardiff.ac.uk/healthcare-sciences.html]
[www.cardiff.ac.uk/medicine.html]
[www.cardiff.ac.uk/optometry-vision-sciences.html]
[www.cardiff.ac.uk/pharmacy-pharmaceutical-sciences.html]
[www.cardiff.ac.uk/psychology.html]
[www.cardiff.ac.uk/colleges/physical-sciences-engineering.html]
[www.cardiff.ac.uk/architecture.html]
[www.cardiff.ac.uk/chemistry.html]
[www.cardiff.ac.uk/computer-science.html]
[www.cardiff.ac.uk/earth-environmental-sciences.html]
[www.cardiff.ac.uk/engineering.html]
[www.cardiff.ac.uk/mathematics.html]
[www.cardiff.ac.uk/about/organisation/college-structure.html]
[www.cardiff.ac.uk/physics-astronomy.html]
[www.cardiff.ac.uk/about/organisation/professional-services.html]
[www.cardiff.ac.uk/research/our-research-environment/supporting-researchers/technician-commitment.html]
[www.cardiff.ac.uk/about/organisation/honorary-officers/chancellor.html]
[www.cardiff.ac.uk/about/organisation/honorary-officers/chair-of-council.html]
[www.cardiff.ac.uk/about/organisation/honorary-officers/vice-chair-of-council.html]
[www.cardiff.ac.uk/about/organisation/honorary-officers/pro-chancellor2.html]
[www.cardiff.ac.uk/about/organisation/honorary-officers/pro-chancellor.html]
[www.cardiff.ac.uk/about/organisation/honorary-officers.html]
[www.cardiff.ac.uk/about/organisation/honorary-officers/pro-chancellor-dr-gabe-treharne.html]
[www.cardiff.ac.uk/__data/assets/image/0016/22390/receiving-nobel-prize.jpg]
[www.cardiff.ac.uk/about/honours-and-awards/regius-professor.html]
[www.cardiff.ac.uk/about/honours-and-awards/the-royal-society.html]
[www.cardiff.ac.uk/about/honours-and-awards/the-royal-academy-of-engineering.html]
[www.cardiff.ac.uk/about/honours-and-awards/the-british-academy.html]
[www.cardiff.ac.uk/about/honours-and-awards/the-academy-of-medical-sciences.html]
[www.cardiff.ac.uk/about/honours-and-awards/the-academy-of-social-sciences.html]
[www.cardiff.ac.uk/about/honours-and-awards/learned-society-of-wales.html]
[www.cardiff.ac.uk/about/honours-and-awards/academia-europaea.html]
[www.cardiff.ac.uk/about/honours-and-awards.html]
[www.cardiff.ac.uk/about/honours-and-awards/the-national-academy-of-sciences.html]
[www.cardiff.ac.uk/__data/assets/image/0010/2644795/Julia-Gillard.png]
[www.cardiff.ac.uk/about/honorary-fellows.html]
[www.cardiff.ac.uk/about/honorary-fellows/all-recipients.html]
[cardiff.imgix.net/__data/assets/image/0010/1727893/study-page-masthead5e82.jpg]
[cardiff.imgix.net/__data/assets/image/0010/1727893/study-page-masthead14a7.jpg]
[www.cardiff.ac.uk/__data/assets/image/0011/2646551/UGProspectus2023-English-Web-cover77bf.png]
[www.cardiff.ac.uk/__data/assets/image/0004/2597521/cu-posgraduate-prospectus-202277bf.png]
[www.cardiff.ac.uk/study.html]
[cardiff.imgix.net/__data/assets/image/0004/1727365/img-undergraduate5e82.jpg]
[cardiff.imgix.net/__data/assets/image/0004/1727365/img-undergraduate14a7.jpg]
[www.cardiff.ac.uk/study/undergraduate.html]
[www.cardiff.ac.uk/study/chat-to-our-students.html]
[www.cardiff.ac.uk/__data/assets/image/0010/626149/Page-29a.jpg]
[www.cardiff.ac.uk/study/undergraduate/_https_/intranet.cardiff.ac.uk/staff/applications/help/squiz-guides/editing-pages/getting-started-with-welsh/translating-a-page-in-squiz__guid]
[www.cardiff.ac.uk/study/undergraduate/subjects/accounting-and-finance.html]
[www.cardiff.ac.uk/study/undergraduate/subjects/archaeology-and-conservation.html]
[www.cardiff.ac.uk/study/undergraduate/subjects/architecture.html]
[www.cardiff.ac.uk/study/undergraduate/subjects/biochemistry.html]
[www.cardiff.ac.uk/study/undergraduate/subjects/biological-sciences.html]
[www.cardiff.ac.uk/study/undergraduate/subjects/biomedical-sciences.html]
[www.cardiff.ac.uk/study/undergraduate/subjects/business-management.html]
[www.cardiff.ac.uk/study/undergraduate/subjects/chemistry.html]
[www.cardiff.ac.uk/study/undergraduate/subjects/computer-science.html]
[www.cardiff.ac.uk/study/undergraduate/subjects/dentistry.html]
[www.cardiff.ac.uk/study/undergraduate/subjects/earth-science.html]
[www.cardiff.ac.uk/study/undergraduate/subjects/economics.html]
[www.cardiff.ac.uk/study/undergraduate/subjects/engineering.html]
[www.cardiff.ac.uk/study/undergraduate/subjects/english-language-and-literature.html]
[www.cardiff.ac.uk/study/undergraduate/subjects/geography-human-and-planning.html]
[www.cardiff.ac.uk/study/undergraduate/subjects/geography-physical.html]
[www.cardiff.ac.uk/study/undergraduate/subjects/geology-and-geoscience.html]
[www.cardiff.ac.uk/study/undergraduate/subjects/history-and-ancient-history.html]
[www.cardiff.ac.uk/study/undergraduate/subjects/journalism-media-and-culture.html]
[www.cardiff.ac.uk/study/undergraduate/subjects/law.html]
[www.cardiff.ac.uk/study/undergraduate/subjects/mathematics.html]
[www.cardiff.ac.uk/study/undergraduate/subjects/medical-pharmacology.html]
[www.cardiff.ac.uk/study/undergraduate/subjects/medicine.html]
[www.cardiff.ac.uk/study/undergraduate/subjects/midwifery.html]
[www.cardiff.ac.uk/study/undergraduate/subjects/modern-languages-and-translation.html]
[www.cardiff.ac.uk/study/undergraduate/subjects/music.html]
[www.cardiff.ac.uk/study/undergraduate/subjects/neuroscience.html]
[www.cardiff.ac.uk/study/undergraduate/subjects/nursing-adult.html]
[www.cardiff.ac.uk/study/undergraduate/subjects/nursing-child.html]
[www.cardiff.ac.uk/study/undergraduate/subjects/nursing-mental-health.html]
[www.cardiff.ac.uk/study/undergraduate/subjects/occupational-therapy.html]
[www.cardiff.ac.uk/study/undergraduate/subjects/optometry.html]
[www.cardiff.ac.uk/study/undergraduate/subjects/pharmacy.html]
[www.cardiff.ac.uk/study/undergraduate/subjects/philosophy.html]
[www.cardiff.ac.uk/study/undergraduate/subjects/physics-and-astronomy.html]
[www.cardiff.ac.uk/study/undergraduate/subjects/physiotherapy.html]
[www.cardiff.ac.uk/study/undergraduate/subjects/politics-and-international-relations.html]
[www.cardiff.ac.uk/study/undergraduate/subjects/psychology.html]
[www.cardiff.ac.uk/study/undergraduate/subjects/radiography.html]
[www.cardiff.ac.uk/study/undergraduate/subjects/radiotherapy.html]
[www.cardiff.ac.uk/study/undergraduate/subjects/religious-studies-and-theology.html]
[www.cardiff.ac.uk/study/undergraduate/subjects/social-sciences.html]
[www.cardiff.ac.uk/study/undergraduate/subjects/welsh.html]
[www.cardiff.ac.uk/study/undergraduate/subjects.html]
[cardiff.imgix.net/__data/assets/image/0008/1279637/DefaultLogo27e6.png]
[www.cardiff.ac.uk/study/undergraduate/subjects/zoology.html]
[www.cardiff.ac.uk/__data/assets/image/0004/641749/Academic-2-Copy.jpg]
[www.cardiff.ac.uk/study/undergraduate/courses/search.html]
[www.cardiff.ac.uk/study/undergraduate/courses/browse-by-subject.html]
[www.cardiff.ac.uk/study/undergraduate/courses/types-of-degree.html]
[www.cardiff.ac.uk/study/undergraduate/courses/part-time-study.html]
[www.cardiff.ac.uk/study/undergraduate/courses/courses-for-studying-in-welsh.html]
[www.cardiff.ac.uk/study/undergraduate/courses/preliminary-or-foundation-courses.html]
[cardiff.imgix.net/__data/assets/image/0010/626149/Page-29a4aec.jpg]
[www.cardiff.ac.uk/study/undergraduate/courses/english-for-university-study-programme.html]
[cardiff.imgix.net/__data/assets/image/0009/19296/students-outside-glamorgan-building4aec.jpg]
[cardiff.imgix.net/__data/assets/image/0007/28672/student-with-book4aec.jpg]
[cardiff.imgix.net/__data/assets/image/0020/160283/Creative-Minds-scholarships4aec.jpg]
[cardiff.imgix.net/__data/assets/image/0015/130605/english-students-bookshelves4aec.jpg]
[www.cardiff.ac.uk/study/undergraduate/courses.html]
[www.cardiff.ac.uk/study/undergraduate/email-updates.html]
[www.cardiff.ac.uk/__data/assets/image/0012/101028/smiling-graduates.jpg]
[www.cardiff.ac.uk/study/undergraduate/why-study-with-us-as-an-undergraduate/global-opportunities.html]
[cardiff.imgix.net/__data/assets/image/0008/1279637/DefaultLogo6adc.jpg]
[www.cardiff.ac.uk/study/undergraduate/why-study-with-us-as-an-undergraduate/on-campus-internship-opportunities.html]
[www.cardiff.ac.uk/study/student-life/student-support/careers-and-employability.html]
[www.cardiff.ac.uk/study/student-life/languages-for-all.html]
[www.cardiff.ac.uk/study/undergraduate/why-study-with-us-as-an-undergraduate.html]
[www.cardiff.ac.uk/study/student-life/student-support.html]
[www.cardiff.ac.uk/__data/assets/image/0012/657669/Open-Day-banner-image-small.jpg]
[www.cardiff.ac.uk/study/undergraduate/open-days-visits/on-demand-content.html]
[www.cardiff.ac.uk/study/undergraduate/open-days-visits/travel-information.html]
[www.cardiff.ac.uk/study/undergraduate/open-days-visits/things-to-do-in-cardiff-on-open-day.html]
[www.cardiff.ac.uk/study/undergraduate/open-days-visits/fairs-and-conventions.html]
[www.cardiff.ac.uk/study/undergraduate/open-days-visits/virtual-talks.html]
[www.cardiff.ac.uk/study/undergraduate/open-days-visits.html]
[www.cardiff.ac.uk/__data/assets/image/0017/731150/Page-103.jpg]
[www.cardiff.ac.uk/study/undergraduate/applying/how-to-apply.html]
[www.cardiff.ac.uk/study/undergraduate/applying/key-dates.html]
[www.cardiff.ac.uk/study/undergraduate/applying/personal-statement.html]
[www.cardiff.ac.uk/study/undergraduate/applying/contextual-data.html]
[www.cardiff.ac.uk/study/undergraduate/applying/english-language-requirements.html]
[www.cardiff.ac.uk/__data/assets/pdf_file/0006/596229/Cardiff-University-Cathays-Park-Campus-Self-Guided-Tour.pdf]
[www.cardiff.ac.uk/study/undergraduate/applying/policies-and-procedures.html]
[www.cardiff.ac.uk/study/undergraduate/applying/disabled-applicants.html]
[www.cardiff.ac.uk/study/undergraduate/applying/non-ucas-applications.html]
[www.cardiff.ac.uk/study/undergraduate/applying/getting-your-results.html]
[www.cardiff.ac.uk/clearing/vacancies-clearing]
[www.cardiff.ac.uk/study/student-life/student-support/equality-diversity-and-inclusion.html]
[www.cardiff.ac.uk/study/undergraduate/applying.html]
[www.cardiff.ac.uk/__data/assets/pdf_file/0003/152886/Personal-Statement-20-English-Web_June.pdf]
[www.cardiff.ac.uk/__data/assets/image/0009/358884/student-talking-to-other-students.jpg]
[www.cardiff.ac.uk/study/undergraduate/funding/loans-and-grants.html]
[www.cardiff.ac.uk/study/undergraduate/funding/bursaries.html]
[www.cardiff.ac.uk/study/undergraduate/funding/scholarships.html]
[www.cardiff.ac.uk/study/undergraduate/funding/part-time-undergraduate-funding.html]
[www.cardiff.ac.uk/study/undergraduate/funding/support-for-asylum-seekers.html]
[www.cardiff.ac.uk/study/undergraduate/funding.html]
[www.cardiff.ac.uk/study/undergraduate/funding/funding-your-healthcare-course.html]
[www.cardiff.ac.uk/__data/assets/image/0004/29065/international-student-helpdesk.jpg]
[www.cardiff.ac.uk/study/undergraduate/tuition-fees/home-undergraduate-fees.html]
[www.cardiff.ac.uk/study/undergraduate/tuition-fees/island-undergraduate-fees.html]
[www.cardiff.ac.uk/study/undergraduate/tuition-fees/overseas-undergraduate-fees.html]
[www.cardiff.ac.uk/study/undergraduate/tuition-fees/fee-status.html]
[www.cardiff.ac.uk/study/undergraduate/tuition-fees/fee-and-access-plan.html]
[www.cardiff.ac.uk/new-students/online-enrolment/tuition-fees.html]
[www.cardiff.ac.uk/study/undergraduate/tuition-fees.html]
[www.cardiff.ac.uk/study/student-life/living-costs.html]
[www.cardiff.ac.uk/__data/assets/image/0007/2486194/Page-143.jpg]
[www.cardiff.ac.uk/study/undergraduate/meet-our-students.html]
[www.cardiff.ac.uk/study/undergraduate/prospectus/order-an-undergraduate-prospectus.html]
[www.cardiff.ac.uk/__data/assets/pdf_file/0003/134922/UGProspectus2022_Location_Guide.pdf]
[www.cardiff.ac.uk/__data/assets/pdf_file/0006/250089/CU-International-Prospectus-_23-WEB.pdf]
[www.cardiff.ac.uk/__data/assets/pdf_file/0009/2514915/UGProspectus2023-English.pdf]
[www.cardiff.ac.uk/__data/assets/pdf_file/0005/2633891/Cardiff-University-Residences-Guide_Oct_22.pdf]
[www.cardiff.ac.uk/V2Vic2l0ZSBDb250ZW50V2Vic2l0ZSBDb250ZW50/documents/study/prospectuses/CU-Next-StepUniversity!-Guide-English_Web.2dc.delayed]
[www.cardiff.ac.uk/__data/assets/pdf_file/0010/2633887/Cardiff-University-Parents-Guide-2023_English.pdf]
[www.cardiff.ac.uk/__data/assets/pdf_file/0007/2633893/Finance-Guide-English.pdf]
[www.cardiff.ac.uk/__data/assets/pdf_file/0004/2633998/ARCHI-UG-Brochure-2021.pdf]
